12:45:39 INFO Verdict: GO confirmed in /Users/paulalbert/Dropbox/GitHub/ReciterAI -ReCiter-Integration/.planning/phases/04-subtopic-system/aging_pilot_results.md
12:45:39 INFO Computing topic ordering (may take a moment — queries DynamoDB)...
12:45:51 INFO 66 non-pilot topics to process.
12:45:51 INFO   [ 1] epidemiology_population_health                       1887 activities
12:45:51 INFO   [ 2] biostatistics_quantitative_sciences                  1816 activities
12:45:51 INFO   [ 3] translational_clinical_science                       1741 activities
12:45:51 INFO   [ 4] health_services_policy                               1598 activities
12:45:51 INFO   [ 5] cell_molecular_biology                               1431 activities
12:45:51 INFO   [ 6] implementation_science                               1314 activities
12:45:51 INFO   [ 7] surgery_perioperative_medicine                       1019 activities
12:45:51 INFO   [ 8] health_equity_social_determinants                     963 activities
12:45:51 INFO   [ 9] neuroscience_neurology                                931 activities
12:45:51 INFO   [10] drug_discovery_pharmacology                           924 activities
12:45:51 INFO   [11] infectious_disease_immunology                         923 activities
12:45:51 INFO   [12] immunology_inflammation                               877 activities
12:45:51 INFO   [13] radiology_medical_imaging                             877 activities
12:45:51 INFO   [14] cardiovascular_disease                                844 activities
12:45:51 INFO   [15] genetics_genomics_precision_medicine                  839 activities
12:45:51 INFO   [16] pathology_laboratory_medicine                         829 activities
12:45:51 INFO   [17] global_public_health                                  811 activities
12:45:51 INFO   [18] cancer_biology_general                                638 activities
12:45:51 INFO   [19] biochemistry_biophysics                               620 activities
12:45:51 INFO   [20] womens_health_reproductive_medicine                   563 activities
12:45:51 INFO   [21] biomedical_informatics                                548 activities
12:45:51 INFO   [22] metabolic_endocrine_disease                           540 activities
12:45:51 INFO   [23] emergency_critical_care_medicine                      505 activities
12:45:51 INFO   [24] mental_health_psychiatry                              494 activities
12:45:51 INFO   [25] pediatrics_neonatology                                480 activities
12:45:51 INFO   [26] systems_biology                                       473 activities
12:45:51 INFO   [27] gastroenterology_hepatology                           468 activities
12:45:51 INFO   [28] medical_education_workforce                           440 activities
12:45:51 INFO   [29] primary_care_general_medicine                         428 activities
12:45:51 INFO   [30] hematology                                            379 activities
12:45:51 INFO   [31] pulmonary_critical_care                               361 activities
12:45:51 INFO   [32] health_economics                                      333 activities
12:45:51 INFO   [33] nutrition_metabolism                                  327 activities
12:45:51 INFO   [34] maternal_child_health                                 303 activities
12:45:51 INFO   [35] pain_management_anesthesiology                        298 activities
12:45:51 INFO   [36] digital_health_telemedicine                           276 activities
12:45:51 INFO   [37] bioethics_medical_humanities                          275 activities
12:45:51 INFO   [38] stem_cell_regenerative_medicine                       265 activities
12:45:51 INFO   [39] breast_cancer                                         263 activities
12:45:51 INFO   [40] rehabilitation_disability_medicine                    258 activities
12:45:51 INFO   [41] single_cell_spatial_biology                           252 activities
12:45:51 INFO   [42] neurodegenerative_disease                             251 activities
12:45:51 INFO   [43] biomedical_engineering                                242 activities
12:45:51 INFO   [44] urology_mens_health                                   236 activities
12:45:51 INFO   [45] substance_use_addiction_medicine                      233 activities
12:45:51 INFO   [46] musculoskeletal_orthopedic_medicine                   226 activities
12:45:51 INFO   [47] nephrology_renal_disease                              224 activities
12:45:51 INFO   [48] developmental_biology                                 199 activities
12:45:51 INFO   [49] palliative_end_of_life_care                           195 activities
12:45:51 INFO   [50] otolaryngology_head_neck                              185 activities
12:45:51 INFO   [51] research_infrastructure_workforce                     180 activities
12:45:51 INFO   [52] prostate_urologic_cancer                              175 activities
12:45:51 INFO   [53] gi_cancer                                             159 activities
12:45:51 INFO   [54] ophthalmology_vision_science                          144 activities
12:45:51 INFO   [55] transplantation_medicine                              143 activities
12:45:51 INFO   [56] autoimmune_rheumatologic_disease                      123 activities
12:45:51 INFO   [57] dermatology_skin_disease                              115 activities
12:45:51 INFO   [58] gene_cell_therapy                                     110 activities
12:45:51 INFO   [59] microbiome_research                                   102 activities
12:45:51 INFO   [60] neuro_oncology                                         88 activities
12:45:51 INFO   [61] lung_cancer                                            86 activities
12:45:51 INFO   [62] environmental_planetary_health                         68 activities
12:45:51 INFO   [63] gynecologic_oncology                                   58 activities
12:45:51 INFO   [64] sleep_medicine_circadian_biology                       54 activities
12:45:51 INFO   [65] melanoma_skin_cancer                                   48 activities
12:45:51 INFO   [66] oral_craniofacial_health                               25 activities
12:45:51 INFO --- [1/66] topic=epidemiology_population_health (activities=1887) ---
12:45:51 INFO [topic epidemiology_population_health] invoking: /opt/homebrew/opt/python@3.14/bin/python3.14 /Users/paulalbert/Dropbox/GitHub/ReciterAI -ReCiter-Integration/backfill_topic.py --topic epidemiology_population_health --skip-review
12:49:18 WARNING [epidemiology_population_health] FAILED (continuing): backfill_topic.py --topic epidemiology_population_health returned rc=1. stderr tail:
rarchy draft .planning/phases/04-subtopic-system/hierarchy_draft_epidemiology_population_health.json has review_status='auto_approved'; expected 'approved'. Pass 2 is gated on human review.
12:49:18 ERROR Pass 2 (assign) failed for epidemiology_population_health: Command '['/opt/homebrew/opt/python@3.14/bin/python3.14', '/Users/paulalbert/Dropbox/GitHub/ReciterAI -ReCiter-Integration/assign_subtopics.py', '--topic', 'epidemiology_population_health', '--resume']' returned non-zero exit status 2.

12:49:18 INFO --- [2/66] topic=biostatistics_quantitative_sciences (activities=1816) ---
12:49:18 INFO [topic biostatistics_quantitative_sciences] invoking: /opt/homebrew/opt/python@3.14/bin/python3.14 /Users/paulalbert/Dropbox/GitHub/ReciterAI -ReCiter-Integration/backfill_topic.py --topic biostatistics_quantitative_sciences --skip-review
12:52:57 WARNING [biostatistics_quantitative_sciences] FAILED (continuing): backfill_topic.py --topic biostatistics_quantitative_sciences returned rc=1. stderr tail:
lanning/phases/04-subtopic-system/hierarchy_draft_biostatistics_quantitative_sciences.json has review_status='auto_approved'; expected 'approved'. Pass 2 is gated on human review.
12:52:57 ERROR Pass 2 (assign) failed for biostatistics_quantitative_sciences: Command '['/opt/homebrew/opt/python@3.14/bin/python3.14', '/Users/paulalbert/Dropbox/GitHub/ReciterAI -ReCiter-Integration/assign_subtopics.py', '--topic', 'biostatistics_quantitative_sciences', '--resume']' returned non-zero exit status 2.

12:52:57 INFO --- [3/66] topic=translational_clinical_science (activities=1741) ---
12:52:57 INFO [topic translational_clinical_science] invoking: /opt/homebrew/opt/python@3.14/bin/python3.14 /Users/paulalbert/Dropbox/GitHub/ReciterAI -ReCiter-Integration/backfill_topic.py --topic translational_clinical_science --skip-review
